eeschema (2012-01-19 BZR 3256)-stable  >> Creation date: 10/09/2012 22:31:25

#Cmp ( order = Reference )
| C1         20pF        
| C2         20pF        
| C3         330nF       
| C4         100nF       
| C5         100uF       
| C6         100uF       
| C7         10uF        
| C8         10uF        
| C9         1000uF      
| C10        100uF       
| C11        100uF       
| C12        10uF        
| C13        100nF       
| C14        100nF       
| C15        100nF       
| C16        100nF       
| C17        100nF       
| C18        10uF        
| D1         LED         
| JP1        JUMP_MINI   
| JP2        JUMP_MINI   
| JP3        JUMP_MINI   
| JP4        JUMP_MINI   
| JP5        JUMP_MINI   
| JP6        JUMP_MINI   
| JP7        JUMP_MINI   
| JP8        JUMP_MINI   
| JP9        JUMP_MINI   
| JP10       JUMP_MINI   
| JP11       JUMP_MINI   
| JP12       JUMP_MINI   
| JP13       JUMP_MINI   
| K1         CONN_3      
| K2         CONN_3      
| K3         CONN_3      
| K4         CONN_3      
| P1         CONN_2      
| P2         MOT_X       
| P3         MOT_Y       
| P4         CONN_2      
| P5         CONN_2      
| P6         CONN_4      
| P7         CONN_2      
| P8         CONN_2      
| P10        CONN_4      
| P11        1PIN_TH     
| P12        1PIN_TH     
| P13        1PIN_TH     
| P14        1PIN_TH     
| P15        MOT_Z       
| P16        MOT_E1      
| P20        CONN_6      
| Q1         MOSFET_N_RMC
| Q2         MOSFET_N_RMC
| R1         100k        
| R2         100k        
| R3         4k7         
| R4         4k7         
| R5         10k         
| R6         10k         
| R7         1k          
| R8         100k        
| R9         100k        
| R10        NF          
| R11        12k         
| R12        10k         
| R13        510         
| SW1        RST         
| U1         7805        
| U2         POLOLU-X    
| U3         POLOLU-Y    
| U4         1117        
| U5         POLOLU-Z    
| U6         POLOLU-E1   
| U7         STM32F100_48
| U8         CONN_CORTEX_DEBUG
| U9         CONN_MICROSD
| X1         8MHz        
#End Cmp

#Cmp ( order = Value )
| 1000uF       C9        
| 100k         R1        
| 100k         R2        
| 100k         R8        
| 100k         R9        
| 100nF        C4        
| 100nF        C13       
| 100nF        C14       
| 100nF        C15       
| 100nF        C16       
| 100nF        C17       
| 100uF        C5        
| 100uF        C6        
| 100uF        C10       
| 100uF        C11       
| 10k          R5        
| 10k          R6        
| 10k          R12       
| 10uF         C7        
| 10uF         C8        
| 10uF         C12       
| 10uF         C18       
| 1117         U4        
| 12k          R11       
| 1k           R7        
| 1PIN_TH      P11       
| 1PIN_TH      P12       
| 1PIN_TH      P13       
| 1PIN_TH      P14       
| 20pF         C1        
| 20pF         C2        
| 330nF        C3        
| 4k7          R3        
| 4k7          R4        
| 510          R13       
| 7805         U1        
| 8MHz         X1        
| CONN_2       P1        
| CONN_2       P4        
| CONN_2       P5        
| CONN_2       P7        
| CONN_2       P8        
| CONN_3       K1        
| CONN_3       K2        
| CONN_3       K3        
| CONN_3       K4        
| CONN_4       P6        
| CONN_4       P10       
| CONN_6       P20       
| CONN_CORTEX_DEBUG U8        
| CONN_MICROSD U9        
| JUMP_MINI    JP1       
| JUMP_MINI    JP2       
| JUMP_MINI    JP3       
| JUMP_MINI    JP4       
| JUMP_MINI    JP5       
| JUMP_MINI    JP6       
| JUMP_MINI    JP7       
| JUMP_MINI    JP8       
| JUMP_MINI    JP9       
| JUMP_MINI    JP10      
| JUMP_MINI    JP11      
| JUMP_MINI    JP12      
| JUMP_MINI    JP13      
| LED          D1        
| MOSFET_N_RMC Q1        
| MOSFET_N_RMC Q2        
| MOT_E1       P16       
| MOT_X        P2        
| MOT_Y        P3        
| MOT_Z        P15       
| NF           R10       
| POLOLU-E1    U6        
| POLOLU-X     U2        
| POLOLU-Y     U3        
| POLOLU-Z     U5        
| RST          SW1       
| STM32F100_48 U7        
#End Cmp

#End List
